[2026-08-18 08:29:36] [INFO] =========================================
[2026-08-18 08:29:36] [INFO] Iniciando sync-environments.ps1
[2026-08-18 08:29:36] [INFO] AWS Account ID: AWS_ACCOUNT_ID_PLACEHOLDER
[2026-08-18 08:29:36] [INFO] Região: sa-east-1
[2026-08-18 08:29:36] [INFO] Reviewer: FlavinhoZero
[2026-08-18 08:29:36] [INFO] =========================================
[2026-08-18 08:29:36] [INFO] Configurando Environments para repo01...
[2026-08-18 08:29:36] [INFO] Criando Environment test...
[2026-08-18 08:32:06] [INFO] =========================================
[2026-08-18 08:32:06] [INFO] Iniciando sync-environments.ps1
[2026-08-18 08:32:06] [INFO] AWS Account ID: Set-Content -Path "e:\Code\TradBin\ci-cd-workflow\scripts\sync-environments.ps1" -Value '# sync-environments.ps1 - Script para criar Environments em todos os repositórios TradBin
[2026-08-18 08:32:06] [INFO] Região: sa-east-1
[2026-08-18 08:32:06] [INFO] Reviewer: FlavinhoZero
[2026-08-18 08:32:06] [INFO] =========================================
[2026-08-18 08:32:06] [INFO] Configurando Environments para repo01...
[2026-08-18 08:32:06] [INFO] Criando Environment test...
[2026-08-18 08:32:07] [INFO] =========================================
[2026-08-18 08:32:07] [INFO] sync-environments.ps1 concluído!
[2026-08-18 08:32:07] [INFO] =========================================
[2026-08-18 08:32:12] [INFO] =========================================
[2026-08-18 08:32:12] [INFO] Iniciando sync-environments.ps1
[2026-08-18 08:32:12] [INFO] AWS Account ID: .\sync-environments.ps1 -AWSAccountId "AWS_ACCOUNT_ID_PLACEHOLDER" -Reviewer "FlavinhoZero"
[2026-08-18 08:32:12] [INFO] Região: sa-east-1
[2026-08-18 08:32:12] [INFO] Reviewer: FlavinhoZero
[2026-08-18 08:32:12] [INFO] =========================================
[2026-08-18 08:32:12] [INFO] Configurando Environments para repo01...
[2026-08-18 08:32:12] [INFO] Criando Environment test...
[2026-08-18 08:32:13] [INFO] =========================================
[2026-08-18 08:32:13] [INFO] sync-environments.ps1 concluído!
[2026-08-18 08:40:32] [INFO] =========================================
[2026-08-18 08:40:32] [INFO] Iniciando sync-environments.ps1
[2026-08-18 08:40:32] [INFO] AWS Account ID: AWS_ACCOUNT_ID_PLACEHOLDER
[2026-08-18 08:40:32] [INFO] Região: sa-east-1
[2026-08-18 08:40:32] [INFO] Reviewer: FlavinhoZero
[2026-08-18 08:40:32] [INFO] =========================================
[2026-08-18 08:40:32] [INFO] Configurando Environments para repo01...
[2026-08-18 08:40:32] [INFO] Criando Environment test...
[2026-08-18 08:48:16] [INFO] =========================================
[2026-08-18 08:48:16] [INFO] Iniciando sync-environments.ps1
[2026-08-18 08:48:16] [INFO] AWS Account ID: AWS_ACCOUNT_ID_PLACEHOLDER
[2026-08-18 08:48:16] [INFO] Região: sa-east-1
[2026-08-18 08:48:16] [INFO] Reviewer: FlavinhoZero
[2026-08-18 08:48:16] [INFO] =========================================
[2026-08-18 08:48:16] [INFO] Configurando Environments para repo01...
[2026-08-18 08:48:16] [INFO] Criando Environment test...
[2026-08-18 08:48:18] [INFO] Criando Environment production...
[2026-08-18 08:48:20] [INFO] Environments configurados para repo01
[2026-08-18 08:48:20] [INFO] Configurando Environments para repo02...
[2026-08-18 08:48:20] [INFO] Criando Environment test...
[2026-08-18 08:48:22] [INFO] Criando Environment production...
[2026-08-18 08:48:24] [INFO] Environments configurados para repo02
[2026-08-18 08:48:24] [INFO] Configurando Environments para repo03...
[2026-08-18 08:48:24] [INFO] Criando Environment test...
[2026-08-18 08:48:26] [INFO] Criando Environment production...
[2026-08-18 08:48:28] [INFO] Environments configurados para repo03
[2026-08-18 08:48:28] [INFO] Configurando Environments para repo04...
[2026-08-18 08:48:28] [INFO] Criando Environment test...
[2026-08-18 08:48:30] [INFO] Criando Environment production...
[2026-08-18 08:48:32] [INFO] Environments configurados para repo04
[2026-08-18 08:48:32] [INFO] Configurando Environments para repo05...
[2026-08-18 08:48:32] [INFO] Criando Environment test...
[2026-08-18 08:48:34] [INFO] Criando Environment production...
[2026-08-18 08:48:36] [INFO] Environments configurados para repo05
[2026-08-18 08:48:36] [INFO] Configurando Environments para repo06...
[2026-08-18 08:48:36] [INFO] Criando Environment test...
[2026-08-18 08:48:38] [INFO] Criando Environment production...
[2026-08-18 08:48:40] [INFO] Environments configurados para repo06
[2026-08-18 08:48:40] [INFO] Configurando Environments para repo07...
[2026-08-18 08:48:40] [INFO] Criando Environment test...
[2026-08-18 08:48:42] [INFO] Criando Environment production...
[2026-08-18 08:48:44] [INFO] Environments configurados para repo07
[2026-08-18 08:48:44] [INFO] Configurando Environments para repo08...
[2026-08-18 08:48:44] [INFO] Criando Environment test...
[2026-08-18 08:48:46] [INFO] Criando Environment production...
[2026-08-18 08:48:48] [INFO] Environments configurados para repo08
[2026-08-18 08:48:48] [INFO] Configurando Environments para repo09...
[2026-08-18 08:48:48] [INFO] Criando Environment test...
[2026-08-18 08:48:49] [INFO] Criando Environment production...
[2026-08-18 08:48:51] [INFO] Environments configurados para repo09
[2026-08-18 08:48:51] [INFO] Configurando Environments para repo10...
[2026-08-18 08:48:51] [INFO] Criando Environment test...
[2026-08-18 08:48:54] [INFO] Criando Environment production...
[2026-08-18 08:48:56] [INFO] Environments configurados para repo10
[2026-08-18 08:48:56] [INFO] Configurando Environments para repo11...
[2026-08-18 08:48:56] [INFO] Criando Environment test...
[2026-08-18 08:48:58] [INFO] Criando Environment production...
[2026-08-18 08:49:00] [INFO] Environments configurados para repo11
[2026-08-18 08:49:00] [INFO] Configurando Environments para repo12...
[2026-08-18 08:49:00] [INFO] Criando Environment test...
[2026-08-18 08:49:02] [INFO] Criando Environment production...
[2026-08-18 08:49:04] [INFO] Environments configurados para repo12
[2026-08-18 08:49:04] [INFO] Configurando Environments para repo13...
[2026-08-18 08:49:04] [INFO] Criando Environment test...
[2026-08-18 08:49:06] [INFO] Criando Environment production...
[2026-08-18 08:49:08] [INFO] Environments configurados para repo13
[2026-08-18 08:49:08] [INFO] =========================================
[2026-08-18 08:49:08] [INFO] sync-environments.ps1 concluído!
[2026-08-18 08:49:08] [INFO] =========================================
